ERROR 2026-02-24 12:17:54,758 log Internal Server Error: /api/product-brands/
Traceback (most recent call last):
  File "C:\Users\HP\Desktop\PROJECT\POS-PROJECT\.venv\Lib\site-packages\rest_framework\serializers.py", line 991, in create
    instance = ModelClass._default_manager.create(**validated_data)
  File "C:\Users\HP\Desktop\PROJECT\POS-PROJECT\.venv\Lib\site-packages\django\db\models\manager.py", line 87, in manager_method
    return getattr(self.get_queryset(), name)(*args, **kwargs)
           ~~~~~~~~~~~~~~~~~~~~~~~~~~~~~~~~~~^^^^^^^^^^^^^^^^^
  File "C:\Users\HP\Desktop\PROJECT\POS-PROJECT\.venv\Lib\site-packages\django\db\models\query.py", line 661, in create
    obj = self.model(**kwargs)
  File "C:\Users\HP\Desktop\PROJECT\POS-PROJECT\.venv\Lib\site-packages\django\db\models\base.py", line 569, in __init__
    raise TypeError(
    ...<2 lines>...
    )
TypeError: ProductBrand() got unexpected keyword arguments: 'created_by', 'updated_by'

During handling of the above exception, another exception occurred:

Traceback (most recent call last):
  File "C:\Users\HP\Desktop\PROJECT\POS-PROJECT\.venv\Lib\site-packages\django\core\handlers\exception.py", line 55, in inner
    response = get_response(request)
  File "C:\Users\HP\Desktop\PROJECT\POS-PROJECT\.venv\Lib\site-packages\django\core\handlers\base.py", line 197, in _get_response
    response = wrapped_callback(request, *callback_args, **callback_kwargs)
  File "C:\Users\HP\Desktop\PROJECT\POS-PROJECT\.venv\Lib\site-packages\django\views\decorators\csrf.py", line 65, in _view_wrapper
    return view_func(request, *args, **kwargs)
  File "C:\Users\HP\Desktop\PROJECT\POS-PROJECT\.venv\Lib\site-packages\rest_framework\viewsets.py", line 125, in view
    return self.dispatch(request, *args, **kwargs)
           ~~~~~~~~~~~~~^^^^^^^^^^^^^^^^^^^^^^^^^^
  File "C:\Users\HP\Desktop\PROJECT\POS-PROJECT\.venv\Lib\site-packages\rest_framework\views.py", line 515, in dispatch
    response = self.handle_exception(exc)
  File "C:\Users\HP\Desktop\PROJECT\POS-PROJECT\.venv\Lib\site-packages\rest_framework\views.py", line 475, in handle_exception
    self.raise_uncaught_exception(exc)
    ~~~~~~~~~~~~~~~~~~~~~~~~~~~~~^^^^^
  File "C:\Users\HP\Desktop\PROJECT\POS-PROJECT\.venv\Lib\site-packages\rest_framework\views.py", line 486, in raise_uncaught_exception
    raise exc
  File "C:\Users\HP\Desktop\PROJECT\POS-PROJECT\.venv\Lib\site-packages\rest_framework\views.py", line 512, in dispatch
    response = handler(request, *args, **kwargs)
  File "C:\Users\HP\Desktop\PROJECT\POS-PROJECT\.venv\Lib\site-packages\rest_framework\mixins.py", line 19, in create
    self.perform_create(serializer)
    ~~~~~~~~~~~~~~~~~~~^^^^^^^^^^^^
  File "C:\Users\HP\Desktop\PROJECT\POS-PROJECT\ADMIN WEB\api_boutique_core\views.py", line 388, in perform_create
    serializer.save(
    ~~~~~~~~~~~~~~~^
        created_by=self.request.user if self.request.user.is_authenticated else None,
        ^^^^^^^^^^^^^^^^^^^^^^^^^^^^^^^^^^^^^^^^^^^^^^^^^^^^^^^^^^^^^^^^^^^^^^^^^^^^^
        updated_by=self.request.user if self.request.user.is_authenticated else None
        ^^^^^^^^^^^^^^^^^^^^^^^^^^^^^^^^^^^^^^^^^^^^^^^^^^^^^^^^^^^^^^^^^^^^^^^^^^^^
    )
    ^
  File "C:\Users\HP\Desktop\PROJECT\POS-PROJECT\.venv\Lib\site-packages\rest_framework\serializers.py", line 210, in save
    self.instance = self.create(validated_data)
                    ~~~~~~~~~~~^^^^^^^^^^^^^^^^
  File "C:\Users\HP\Desktop\PROJECT\POS-PROJECT\.venv\Lib\site-packages\rest_framework\serializers.py", line 1010, in create
    raise TypeError(msg)
TypeError: Got a `TypeError` when calling `ProductBrand.objects.create()`. This may be because you have a writable field on the serializer class that is not a valid argument to `ProductBrand.objects.create()`. You may need to make the field read-only, or override the ProductBrandSerializer.create() method to handle this correctly.
Original exception was:
 Traceback (most recent call last):
  File "C:\Users\HP\Desktop\PROJECT\POS-PROJECT\.venv\Lib\site-packages\rest_framework\serializers.py", line 991, in create
    instance = ModelClass._default_manager.create(**validated_data)
  File "C:\Users\HP\Desktop\PROJECT\POS-PROJECT\.venv\Lib\site-packages\django\db\models\manager.py", line 87, in manager_method
    return getattr(self.get_queryset(), name)(*args, **kwargs)
           ~~~~~~~~~~~~~~~~~~~~~~~~~~~~~~~~~~^^^^^^^^^^^^^^^^^
  File "C:\Users\HP\Desktop\PROJECT\POS-PROJECT\.venv\Lib\site-packages\django\db\models\query.py", line 661, in create
    obj = self.model(**kwargs)
  File "C:\Users\HP\Desktop\PROJECT\POS-PROJECT\.venv\Lib\site-packages\django\db\models\base.py", line 569, in __init__
    raise TypeError(
    ...<2 lines>...
    )
TypeError: ProductBrand() got unexpected keyword arguments: 'created_by', 'updated_by'

ERROR 2026-02-24 12:17:54,764 basehttp "POST /api/product-brands/ HTTP/1.1" 500 161460
ERROR 2026-02-24 12:54:23,976 log Internal Server Error: /api/product-brands/
Traceback (most recent call last):
  File "C:\Users\HP\Desktop\PROJECT\POS-PROJECT\.venv\Lib\site-packages\rest_framework\serializers.py", line 991, in create
    instance = ModelClass._default_manager.create(**validated_data)
  File "C:\Users\HP\Desktop\PROJECT\POS-PROJECT\.venv\Lib\site-packages\django\db\models\manager.py", line 87, in manager_method
    return getattr(self.get_queryset(), name)(*args, **kwargs)
           ~~~~~~~~~~~~~~~~~~~~~~~~~~~~~~~~~~^^^^^^^^^^^^^^^^^
  File "C:\Users\HP\Desktop\PROJECT\POS-PROJECT\.venv\Lib\site-packages\django\db\models\query.py", line 661, in create
    obj = self.model(**kwargs)
  File "C:\Users\HP\Desktop\PROJECT\POS-PROJECT\.venv\Lib\site-packages\django\db\models\base.py", line 569, in __init__
    raise TypeError(
    ...<2 lines>...
    )
TypeError: ProductBrand() got unexpected keyword arguments: 'created_by', 'updated_by'

During handling of the above exception, another exception occurred:

Traceback (most recent call last):
  File "C:\Users\HP\Desktop\PROJECT\POS-PROJECT\.venv\Lib\site-packages\django\core\handlers\exception.py", line 55, in inner
    response = get_response(request)
  File "C:\Users\HP\Desktop\PROJECT\POS-PROJECT\.venv\Lib\site-packages\django\core\handlers\base.py", line 197, in _get_response
    response = wrapped_callback(request, *callback_args, **callback_kwargs)
  File "C:\Users\HP\Desktop\PROJECT\POS-PROJECT\.venv\Lib\site-packages\django\views\decorators\csrf.py", line 65, in _view_wrapper
    return view_func(request, *args, **kwargs)
  File "C:\Users\HP\Desktop\PROJECT\POS-PROJECT\.venv\Lib\site-packages\rest_framework\viewsets.py", line 125, in view
    return self.dispatch(request, *args, **kwargs)
           ~~~~~~~~~~~~~^^^^^^^^^^^^^^^^^^^^^^^^^^
  File "C:\Users\HP\Desktop\PROJECT\POS-PROJECT\.venv\Lib\site-packages\rest_framework\views.py", line 515, in dispatch
    response = self.handle_exception(exc)
  File "C:\Users\HP\Desktop\PROJECT\POS-PROJECT\.venv\Lib\site-packages\rest_framework\views.py", line 475, in handle_exception
    self.raise_uncaught_exception(exc)
    ~~~~~~~~~~~~~~~~~~~~~~~~~~~~~^^^^^
  File "C:\Users\HP\Desktop\PROJECT\POS-PROJECT\.venv\Lib\site-packages\rest_framework\views.py", line 486, in raise_uncaught_exception
    raise exc
  File "C:\Users\HP\Desktop\PROJECT\POS-PROJECT\.venv\Lib\site-packages\rest_framework\views.py", line 512, in dispatch
    response = handler(request, *args, **kwargs)
  File "C:\Users\HP\AppData\Local\Programs\Python\Python313\Lib\contextlib.py", line 85, in inner
    return func(*args, **kwds)
  File "C:\Users\HP\Desktop\PROJECT\POS-PROJECT\ADMIN WEB\api_boutique_core\views.py", line 1343, in create
    return super().create(request, *args,**kwargs)
           ~~~~~~~~~~~~~~^^^^^^^^^^^^^^^^^^^^^^^^^
  File "C:\Users\HP\Desktop\PROJECT\POS-PROJECT\.venv\Lib\site-packages\rest_framework\mixins.py", line 19, in create
    self.perform_create(serializer)
    ~~~~~~~~~~~~~~~~~~~^^^^^^^^^^^^
  File "C:\Users\HP\Desktop\PROJECT\POS-PROJECT\ADMIN WEB\api_boutique_core\views.py", line 388, in perform_create
    serializer.save(
    ~~~~~~~~~~~~~~~^
        created_by=self.request.user if self.request.user.is_authenticated else None,
        ^^^^^^^^^^^^^^^^^^^^^^^^^^^^^^^^^^^^^^^^^^^^^^^^^^^^^^^^^^^^^^^^^^^^^^^^^^^^^
        updated_by=self.request.user if self.request.user.is_authenticated else None
        ^^^^^^^^^^^^^^^^^^^^^^^^^^^^^^^^^^^^^^^^^^^^^^^^^^^^^^^^^^^^^^^^^^^^^^^^^^^^
    )
    ^
  File "C:\Users\HP\Desktop\PROJECT\POS-PROJECT\.venv\Lib\site-packages\rest_framework\serializers.py", line 210, in save
    self.instance = self.create(validated_data)
                    ~~~~~~~~~~~^^^^^^^^^^^^^^^^
  File "C:\Users\HP\Desktop\PROJECT\POS-PROJECT\.venv\Lib\site-packages\rest_framework\serializers.py", line 1010, in create
    raise TypeError(msg)
TypeError: Got a `TypeError` when calling `ProductBrand.objects.create()`. This may be because you have a writable field on the serializer class that is not a valid argument to `ProductBrand.objects.create()`. You may need to make the field read-only, or override the ProductBrandSerializer.create() method to handle this correctly.
Original exception was:
 Traceback (most recent call last):
  File "C:\Users\HP\Desktop\PROJECT\POS-PROJECT\.venv\Lib\site-packages\rest_framework\serializers.py", line 991, in create
    instance = ModelClass._default_manager.create(**validated_data)
  File "C:\Users\HP\Desktop\PROJECT\POS-PROJECT\.venv\Lib\site-packages\django\db\models\manager.py", line 87, in manager_method
    return getattr(self.get_queryset(), name)(*args, **kwargs)
           ~~~~~~~~~~~~~~~~~~~~~~~~~~~~~~~~~~^^^^^^^^^^^^^^^^^
  File "C:\Users\HP\Desktop\PROJECT\POS-PROJECT\.venv\Lib\site-packages\django\db\models\query.py", line 661, in create
    obj = self.model(**kwargs)
  File "C:\Users\HP\Desktop\PROJECT\POS-PROJECT\.venv\Lib\site-packages\django\db\models\base.py", line 569, in __init__
    raise TypeError(
    ...<2 lines>...
    )
TypeError: ProductBrand() got unexpected keyword arguments: 'created_by', 'updated_by'

ERROR 2026-02-24 12:54:23,982 basehttp "POST /api/product-brands/ HTTP/1.1" 500 170280
