ERROR 2026-02-18 10:01:38,141 log Internal Server Error: /api/categories/
Traceback (most recent call last):
  File "C:\Users\HP\Desktop\PROJECT\POS-PROJECT\.venv\Lib\site-packages\django\core\handlers\exception.py", line 55, in inner
    response = get_response(request)
  File "C:\Users\HP\Desktop\PROJECT\POS-PROJECT\.venv\Lib\site-packages\django\core\handlers\base.py", line 197, in _get_response
    response = wrapped_callback(request, *callback_args, **callback_kwargs)
  File "C:\Users\HP\Desktop\PROJECT\POS-PROJECT\.venv\Lib\site-packages\django\views\decorators\csrf.py", line 65, in _view_wrapper
    return view_func(request, *args, **kwargs)
  File "C:\Users\HP\Desktop\PROJECT\POS-PROJECT\.venv\Lib\site-packages\rest_framework\viewsets.py", line 125, in view
    return self.dispatch(request, *args, **kwargs)
           ~~~~~~~~~~~~~^^^^^^^^^^^^^^^^^^^^^^^^^^
  File "C:\Users\HP\Desktop\PROJECT\POS-PROJECT\.venv\Lib\site-packages\rest_framework\views.py", line 515, in dispatch
    response = self.handle_exception(exc)
  File "C:\Users\HP\Desktop\PROJECT\POS-PROJECT\.venv\Lib\site-packages\rest_framework\views.py", line 475, in handle_exception
    self.raise_uncaught_exception(exc)
    ~~~~~~~~~~~~~~~~~~~~~~~~~~~~~^^^^^
  File "C:\Users\HP\Desktop\PROJECT\POS-PROJECT\.venv\Lib\site-packages\rest_framework\views.py", line 486, in raise_uncaught_exception
    raise exc
  File "C:\Users\HP\Desktop\PROJECT\POS-PROJECT\.venv\Lib\site-packages\rest_framework\views.py", line 512, in dispatch
    response = handler(request, *args, **kwargs)
  File "C:\Users\HP\Desktop\PROJECT\POS-PROJECT\.venv\Lib\site-packages\rest_framework\mixins.py", line 20, in create
    headers = self.get_success_headers(serializer.data)
                                       ^^^^^^^^^^^^^^^
  File "C:\Users\HP\Desktop\PROJECT\POS-PROJECT\.venv\Lib\site-packages\rest_framework\serializers.py", line 573, in data
    ret = super().data
          ^^^^^^^^^^^^
  File "C:\Users\HP\Desktop\PROJECT\POS-PROJECT\.venv\Lib\site-packages\rest_framework\serializers.py", line 251, in data
    self._data = self.to_representation(self.instance)
                 ~~~~~~~~~~~~~~~~~~~~~~^^^^^^^^^^^^^^^
  File "C:\Users\HP\Desktop\PROJECT\POS-PROJECT\.venv\Lib\site-packages\rest_framework\serializers.py", line 540, in to_representation
    ret[field.field_name] = field.to_representation(attribute)
                            ~~~~~~~~~~~~~~~~~~~~~~~^^^^^^^^^^^
  File "C:\Users\HP\Desktop\PROJECT\POS-PROJECT\.venv\Lib\site-packages\rest_framework\fields.py", line 1870, in to_representation
    return method(value)
  File "C:\Users\HP\Desktop\PROJECT\POS-PROJECT\ADMIN WEB\api_boutique_core\serializers.py", line 1332, in get_products_count
    return obj.products.filter(is_active=True).count()
           ^^^^^^^^^^^^
AttributeError: 'ProductCategory' object has no attribute 'products'
ERROR 2026-02-18 10:01:38,153 basehttp "POST /api/categories/ HTTP/1.1" 500 135810
ERROR 2026-02-18 10:26:20,085 log Internal Server Error: /api/categories/1
Traceback (most recent call last):
  File "C:\Users\HP\Desktop\PROJECT\POS-PROJECT\.venv\Lib\site-packages\django\core\handlers\exception.py", line 55, in inner
    response = get_response(request)
  File "C:\Users\HP\Desktop\PROJECT\POS-PROJECT\.venv\Lib\site-packages\django\utils\deprecation.py", line 122, in __call__
    response = self.process_response(request, response)
  File "C:\Users\HP\Desktop\PROJECT\POS-PROJECT\.venv\Lib\site-packages\django\middleware\common.py", line 108, in process_response
    return self.response_redirect_class(self.get_full_path_with_slash(request))
                                        ~~~~~~~~~~~~~~~~~~~~~~~~~~~~~^^^^^^^^^
  File "C:\Users\HP\Desktop\PROJECT\POS-PROJECT\.venv\Lib\site-packages\django\middleware\common.py", line 87, in get_full_path_with_slash
    raise RuntimeError(
    ...<9 lines>...
    )
RuntimeError: You called this URL via DELETE, but the URL doesn't end in a slash and you have APPEND_SLASH set. Django can't redirect to the slash URL while maintaining DELETE data. Change your form to point to 127.0.0.1:8000/api/categories/1/ (note the trailing slash), or set APPEND_SLASH=False in your Django settings.
ERROR 2026-02-18 10:26:20,095 basehttp "DELETE /api/categories/1 HTTP/1.1" 500 80351
ERROR 2026-02-18 10:58:01,158 log Internal Server Error: /api/categories/
Traceback (most recent call last):
  File "C:\Users\HP\Desktop\PROJECT\POS-PROJECT\.venv\Lib\site-packages\rest_framework\serializers.py", line 991, in create
    instance = ModelClass._default_manager.create(**validated_data)
  File "C:\Users\HP\Desktop\PROJECT\POS-PROJECT\.venv\Lib\site-packages\django\db\models\manager.py", line 87, in manager_method
    return getattr(self.get_queryset(), name)(*args, **kwargs)
           ~~~~~~~~~~~~~~~~~~~~~~~~~~~~~~~~~~^^^^^^^^^^^^^^^^^
  File "C:\Users\HP\Desktop\PROJECT\POS-PROJECT\.venv\Lib\site-packages\django\db\models\query.py", line 661, in create
    obj = self.model(**kwargs)
  File "C:\Users\HP\Desktop\PROJECT\POS-PROJECT\.venv\Lib\site-packages\django\db\models\base.py", line 569, in __init__
    raise TypeError(
    ...<2 lines>...
    )
TypeError: ProductCategory() got unexpected keyword arguments: 'created_by', 'updated_by'

During handling of the above exception, another exception occurred:

Traceback (most recent call last):
  File "C:\Users\HP\Desktop\PROJECT\POS-PROJECT\.venv\Lib\site-packages\django\core\handlers\exception.py", line 55, in inner
    response = get_response(request)
  File "C:\Users\HP\Desktop\PROJECT\POS-PROJECT\.venv\Lib\site-packages\django\core\handlers\base.py", line 197, in _get_response
    response = wrapped_callback(request, *callback_args, **callback_kwargs)
  File "C:\Users\HP\Desktop\PROJECT\POS-PROJECT\.venv\Lib\site-packages\django\views\decorators\csrf.py", line 65, in _view_wrapper
    return view_func(request, *args, **kwargs)
  File "C:\Users\HP\Desktop\PROJECT\POS-PROJECT\.venv\Lib\site-packages\rest_framework\viewsets.py", line 125, in view
    return self.dispatch(request, *args, **kwargs)
           ~~~~~~~~~~~~~^^^^^^^^^^^^^^^^^^^^^^^^^^
  File "C:\Users\HP\Desktop\PROJECT\POS-PROJECT\.venv\Lib\site-packages\rest_framework\views.py", line 515, in dispatch
    response = self.handle_exception(exc)
  File "C:\Users\HP\Desktop\PROJECT\POS-PROJECT\.venv\Lib\site-packages\rest_framework\views.py", line 475, in handle_exception
    self.raise_uncaught_exception(exc)
    ~~~~~~~~~~~~~~~~~~~~~~~~~~~~~^^^^^
  File "C:\Users\HP\Desktop\PROJECT\POS-PROJECT\.venv\Lib\site-packages\rest_framework\views.py", line 486, in raise_uncaught_exception
    raise exc
  File "C:\Users\HP\Desktop\PROJECT\POS-PROJECT\.venv\Lib\site-packages\rest_framework\views.py", line 512, in dispatch
    response = handler(request, *args, **kwargs)
  File "C:\Users\HP\AppData\Local\Programs\Python\Python313\Lib\contextlib.py", line 85, in inner
    return func(*args, **kwds)
  File "C:\Users\HP\Desktop\PROJECT\POS-PROJECT\ADMIN WEB\api_boutique_core\views.py", line 1254, in create
    return super().create(request, *args,**kwargs)
           ~~~~~~~~~~~~~~^^^^^^^^^^^^^^^^^^^^^^^^^
  File "C:\Users\HP\Desktop\PROJECT\POS-PROJECT\.venv\Lib\site-packages\rest_framework\mixins.py", line 19, in create
    self.perform_create(serializer)
    ~~~~~~~~~~~~~~~~~~~^^^^^^^^^^^^
  File "C:\Users\HP\Desktop\PROJECT\POS-PROJECT\ADMIN WEB\api_boutique_core\views.py", line 388, in perform_create
    serializer.save(
    ~~~~~~~~~~~~~~~^
        created_by=self.request.user if self.request.user.is_authenticated else None,
        ^^^^^^^^^^^^^^^^^^^^^^^^^^^^^^^^^^^^^^^^^^^^^^^^^^^^^^^^^^^^^^^^^^^^^^^^^^^^^
        updated_by=self.request.user if self.request.user.is_authenticated else None
        ^^^^^^^^^^^^^^^^^^^^^^^^^^^^^^^^^^^^^^^^^^^^^^^^^^^^^^^^^^^^^^^^^^^^^^^^^^^^
    )
    ^
  File "C:\Users\HP\Desktop\PROJECT\POS-PROJECT\.venv\Lib\site-packages\rest_framework\serializers.py", line 210, in save
    self.instance = self.create(validated_data)
                    ~~~~~~~~~~~^^^^^^^^^^^^^^^^
  File "C:\Users\HP\Desktop\PROJECT\POS-PROJECT\ADMIN WEB\api_boutique_core\serializers.py", line 1353, in create
    return super().create(validated_data)
           ~~~~~~~~~~~~~~^^^^^^^^^^^^^^^^
  File "C:\Users\HP\Desktop\PROJECT\POS-PROJECT\.venv\Lib\site-packages\rest_framework\serializers.py", line 1010, in create
    raise TypeError(msg)
TypeError: Got a `TypeError` when calling `ProductCategory.objects.create()`. This may be because you have a writable field on the serializer class that is not a valid argument to `ProductCategory.objects.create()`. You may need to make the field read-only, or override the ProductCategorySerializer.create() method to handle this correctly.
Original exception was:
 Traceback (most recent call last):
  File "C:\Users\HP\Desktop\PROJECT\POS-PROJECT\.venv\Lib\site-packages\rest_framework\serializers.py", line 991, in create
    instance = ModelClass._default_manager.create(**validated_data)
  File "C:\Users\HP\Desktop\PROJECT\POS-PROJECT\.venv\Lib\site-packages\django\db\models\manager.py", line 87, in manager_method
    return getattr(self.get_queryset(), name)(*args, **kwargs)
           ~~~~~~~~~~~~~~~~~~~~~~~~~~~~~~~~~~^^^^^^^^^^^^^^^^^
  File "C:\Users\HP\Desktop\PROJECT\POS-PROJECT\.venv\Lib\site-packages\django\db\models\query.py", line 661, in create
    obj = self.model(**kwargs)
  File "C:\Users\HP\Desktop\PROJECT\POS-PROJECT\.venv\Lib\site-packages\django\db\models\base.py", line 569, in __init__
    raise TypeError(
    ...<2 lines>...
    )
TypeError: ProductCategory() got unexpected keyword arguments: 'created_by', 'updated_by'

ERROR 2026-02-18 10:58:01,202 basehttp "POST /api/categories/ HTTP/1.1" 500 185968
ERROR 2026-02-18 10:58:29,903 log Internal Server Error: /api/categories/
Traceback (most recent call last):
  File "C:\Users\HP\Desktop\PROJECT\POS-PROJECT\.venv\Lib\site-packages\rest_framework\serializers.py", line 991, in create
    instance = ModelClass._default_manager.create(**validated_data)
  File "C:\Users\HP\Desktop\PROJECT\POS-PROJECT\.venv\Lib\site-packages\django\db\models\manager.py", line 87, in manager_method
    return getattr(self.get_queryset(), name)(*args, **kwargs)
           ~~~~~~~~~~~~~~~~~~~~~~~~~~~~~~~~~~^^^^^^^^^^^^^^^^^
  File "C:\Users\HP\Desktop\PROJECT\POS-PROJECT\.venv\Lib\site-packages\django\db\models\query.py", line 661, in create
    obj = self.model(**kwargs)
  File "C:\Users\HP\Desktop\PROJECT\POS-PROJECT\.venv\Lib\site-packages\django\db\models\base.py", line 569, in __init__
    raise TypeError(
    ...<2 lines>...
    )
TypeError: ProductCategory() got unexpected keyword arguments: 'created_by', 'updated_by'

During handling of the above exception, another exception occurred:

Traceback (most recent call last):
  File "C:\Users\HP\Desktop\PROJECT\POS-PROJECT\.venv\Lib\site-packages\django\core\handlers\exception.py", line 55, in inner
    response = get_response(request)
  File "C:\Users\HP\Desktop\PROJECT\POS-PROJECT\.venv\Lib\site-packages\django\core\handlers\base.py", line 197, in _get_response
    response = wrapped_callback(request, *callback_args, **callback_kwargs)
  File "C:\Users\HP\Desktop\PROJECT\POS-PROJECT\.venv\Lib\site-packages\django\views\decorators\csrf.py", line 65, in _view_wrapper
    return view_func(request, *args, **kwargs)
  File "C:\Users\HP\Desktop\PROJECT\POS-PROJECT\.venv\Lib\site-packages\rest_framework\viewsets.py", line 125, in view
    return self.dispatch(request, *args, **kwargs)
           ~~~~~~~~~~~~~^^^^^^^^^^^^^^^^^^^^^^^^^^
  File "C:\Users\HP\Desktop\PROJECT\POS-PROJECT\.venv\Lib\site-packages\rest_framework\views.py", line 515, in dispatch
    response = self.handle_exception(exc)
  File "C:\Users\HP\Desktop\PROJECT\POS-PROJECT\.venv\Lib\site-packages\rest_framework\views.py", line 475, in handle_exception
    self.raise_uncaught_exception(exc)
    ~~~~~~~~~~~~~~~~~~~~~~~~~~~~~^^^^^
  File "C:\Users\HP\Desktop\PROJECT\POS-PROJECT\.venv\Lib\site-packages\rest_framework\views.py", line 486, in raise_uncaught_exception
    raise exc
  File "C:\Users\HP\Desktop\PROJECT\POS-PROJECT\.venv\Lib\site-packages\rest_framework\views.py", line 512, in dispatch
    response = handler(request, *args, **kwargs)
  File "C:\Users\HP\AppData\Local\Programs\Python\Python313\Lib\contextlib.py", line 85, in inner
    return func(*args, **kwds)
  File "C:\Users\HP\Desktop\PROJECT\POS-PROJECT\ADMIN WEB\api_boutique_core\views.py", line 1254, in create
    return super().create(request, *args,**kwargs)
           ~~~~~~~~~~~~~~^^^^^^^^^^^^^^^^^^^^^^^^^
  File "C:\Users\HP\Desktop\PROJECT\POS-PROJECT\.venv\Lib\site-packages\rest_framework\mixins.py", line 19, in create
    self.perform_create(serializer)
    ~~~~~~~~~~~~~~~~~~~^^^^^^^^^^^^
  File "C:\Users\HP\Desktop\PROJECT\POS-PROJECT\ADMIN WEB\api_boutique_core\views.py", line 388, in perform_create
    serializer.save(
    ~~~~~~~~~~~~~~~^
        created_by=self.request.user if self.request.user.is_authenticated else None,
        ^^^^^^^^^^^^^^^^^^^^^^^^^^^^^^^^^^^^^^^^^^^^^^^^^^^^^^^^^^^^^^^^^^^^^^^^^^^^^
        updated_by=self.request.user if self.request.user.is_authenticated else None
        ^^^^^^^^^^^^^^^^^^^^^^^^^^^^^^^^^^^^^^^^^^^^^^^^^^^^^^^^^^^^^^^^^^^^^^^^^^^^
    )
    ^
  File "C:\Users\HP\Desktop\PROJECT\POS-PROJECT\.venv\Lib\site-packages\rest_framework\serializers.py", line 210, in save
    self.instance = self.create(validated_data)
                    ~~~~~~~~~~~^^^^^^^^^^^^^^^^
  File "C:\Users\HP\Desktop\PROJECT\POS-PROJECT\ADMIN WEB\api_boutique_core\serializers.py", line 1353, in create
    return super().create(validated_data)
           ~~~~~~~~~~~~~~^^^^^^^^^^^^^^^^
  File "C:\Users\HP\Desktop\PROJECT\POS-PROJECT\.venv\Lib\site-packages\rest_framework\serializers.py", line 1010, in create
    raise TypeError(msg)
TypeError: Got a `TypeError` when calling `ProductCategory.objects.create()`. This may be because you have a writable field on the serializer class that is not a valid argument to `ProductCategory.objects.create()`. You may need to make the field read-only, or override the ProductCategorySerializer.create() method to handle this correctly.
Original exception was:
 Traceback (most recent call last):
  File "C:\Users\HP\Desktop\PROJECT\POS-PROJECT\.venv\Lib\site-packages\rest_framework\serializers.py", line 991, in create
    instance = ModelClass._default_manager.create(**validated_data)
  File "C:\Users\HP\Desktop\PROJECT\POS-PROJECT\.venv\Lib\site-packages\django\db\models\manager.py", line 87, in manager_method
    return getattr(self.get_queryset(), name)(*args, **kwargs)
           ~~~~~~~~~~~~~~~~~~~~~~~~~~~~~~~~~~^^^^^^^^^^^^^^^^^
  File "C:\Users\HP\Desktop\PROJECT\POS-PROJECT\.venv\Lib\site-packages\django\db\models\query.py", line 661, in create
    obj = self.model(**kwargs)
  File "C:\Users\HP\Desktop\PROJECT\POS-PROJECT\.venv\Lib\site-packages\django\db\models\base.py", line 569, in __init__
    raise TypeError(
    ...<2 lines>...
    )
TypeError: ProductCategory() got unexpected keyword arguments: 'created_by', 'updated_by'

ERROR 2026-02-18 10:58:29,948 basehttp "POST /api/categories/ HTTP/1.1" 500 185968
ERROR 2026-02-18 11:07:48,078 log Internal Server Error: /api/categories/
Traceback (most recent call last):
  File "C:\Users\HP\Desktop\PROJECT\POS-PROJECT\.venv\Lib\site-packages\rest_framework\serializers.py", line 991, in create
    instance = ModelClass._default_manager.create(**validated_data)
  File "C:\Users\HP\Desktop\PROJECT\POS-PROJECT\.venv\Lib\site-packages\django\db\models\manager.py", line 87, in manager_method
    return getattr(self.get_queryset(), name)(*args, **kwargs)
           ~~~~~~~~~~~~~~~~~~~~~~~~~~~~~~~~~~^^^^^^^^^^^^^^^^^
  File "C:\Users\HP\Desktop\PROJECT\POS-PROJECT\.venv\Lib\site-packages\django\db\models\query.py", line 661, in create
    obj = self.model(**kwargs)
  File "C:\Users\HP\Desktop\PROJECT\POS-PROJECT\.venv\Lib\site-packages\django\db\models\base.py", line 569, in __init__
    raise TypeError(
    ...<2 lines>...
    )
TypeError: ProductCategory() got unexpected keyword arguments: 'created_by', 'updated_by'

During handling of the above exception, another exception occurred:

Traceback (most recent call last):
  File "C:\Users\HP\Desktop\PROJECT\POS-PROJECT\.venv\Lib\site-packages\django\core\handlers\exception.py", line 55, in inner
    response = get_response(request)
  File "C:\Users\HP\Desktop\PROJECT\POS-PROJECT\.venv\Lib\site-packages\django\core\handlers\base.py", line 197, in _get_response
    response = wrapped_callback(request, *callback_args, **callback_kwargs)
  File "C:\Users\HP\Desktop\PROJECT\POS-PROJECT\.venv\Lib\site-packages\django\views\decorators\csrf.py", line 65, in _view_wrapper
    return view_func(request, *args, **kwargs)
  File "C:\Users\HP\Desktop\PROJECT\POS-PROJECT\.venv\Lib\site-packages\rest_framework\viewsets.py", line 125, in view
    return self.dispatch(request, *args, **kwargs)
           ~~~~~~~~~~~~~^^^^^^^^^^^^^^^^^^^^^^^^^^
  File "C:\Users\HP\Desktop\PROJECT\POS-PROJECT\.venv\Lib\site-packages\rest_framework\views.py", line 515, in dispatch
    response = self.handle_exception(exc)
  File "C:\Users\HP\Desktop\PROJECT\POS-PROJECT\.venv\Lib\site-packages\rest_framework\views.py", line 475, in handle_exception
    self.raise_uncaught_exception(exc)
    ~~~~~~~~~~~~~~~~~~~~~~~~~~~~~^^^^^
  File "C:\Users\HP\Desktop\PROJECT\POS-PROJECT\.venv\Lib\site-packages\rest_framework\views.py", line 486, in raise_uncaught_exception
    raise exc
  File "C:\Users\HP\Desktop\PROJECT\POS-PROJECT\.venv\Lib\site-packages\rest_framework\views.py", line 512, in dispatch
    response = handler(request, *args, **kwargs)
  File "C:\Users\HP\AppData\Local\Programs\Python\Python313\Lib\contextlib.py", line 85, in inner
    return func(*args, **kwds)
  File "C:\Users\HP\Desktop\PROJECT\POS-PROJECT\ADMIN WEB\api_boutique_core\views.py", line 1254, in create
    return super().create(request, *args,**kwargs)
           ~~~~~~~~~~~~~~^^^^^^^^^^^^^^^^^^^^^^^^^
  File "C:\Users\HP\Desktop\PROJECT\POS-PROJECT\.venv\Lib\site-packages\rest_framework\mixins.py", line 19, in create
    self.perform_create(serializer)
    ~~~~~~~~~~~~~~~~~~~^^^^^^^^^^^^
  File "C:\Users\HP\Desktop\PROJECT\POS-PROJECT\ADMIN WEB\api_boutique_core\views.py", line 388, in perform_create
    serializer.save(
    ~~~~~~~~~~~~~~~^
        created_by=self.request.user if self.request.user.is_authenticated else None,
        ^^^^^^^^^^^^^^^^^^^^^^^^^^^^^^^^^^^^^^^^^^^^^^^^^^^^^^^^^^^^^^^^^^^^^^^^^^^^^
        updated_by=self.request.user if self.request.user.is_authenticated else None
        ^^^^^^^^^^^^^^^^^^^^^^^^^^^^^^^^^^^^^^^^^^^^^^^^^^^^^^^^^^^^^^^^^^^^^^^^^^^^
    )
    ^
  File "C:\Users\HP\Desktop\PROJECT\POS-PROJECT\.venv\Lib\site-packages\rest_framework\serializers.py", line 210, in save
    self.instance = self.create(validated_data)
                    ~~~~~~~~~~~^^^^^^^^^^^^^^^^
  File "C:\Users\HP\Desktop\PROJECT\POS-PROJECT\ADMIN WEB\api_boutique_core\serializers.py", line 1353, in create
    return super().create(validated_data)
           ~~~~~~~~~~~~~~^^^^^^^^^^^^^^^^
  File "C:\Users\HP\Desktop\PROJECT\POS-PROJECT\.venv\Lib\site-packages\rest_framework\serializers.py", line 1010, in create
    raise TypeError(msg)
TypeError: Got a `TypeError` when calling `ProductCategory.objects.create()`. This may be because you have a writable field on the serializer class that is not a valid argument to `ProductCategory.objects.create()`. You may need to make the field read-only, or override the ProductCategorySerializer.create() method to handle this correctly.
Original exception was:
 Traceback (most recent call last):
  File "C:\Users\HP\Desktop\PROJECT\POS-PROJECT\.venv\Lib\site-packages\rest_framework\serializers.py", line 991, in create
    instance = ModelClass._default_manager.create(**validated_data)
  File "C:\Users\HP\Desktop\PROJECT\POS-PROJECT\.venv\Lib\site-packages\django\db\models\manager.py", line 87, in manager_method
    return getattr(self.get_queryset(), name)(*args, **kwargs)
           ~~~~~~~~~~~~~~~~~~~~~~~~~~~~~~~~~~^^^^^^^^^^^^^^^^^
  File "C:\Users\HP\Desktop\PROJECT\POS-PROJECT\.venv\Lib\site-packages\django\db\models\query.py", line 661, in create
    obj = self.model(**kwargs)
  File "C:\Users\HP\Desktop\PROJECT\POS-PROJECT\.venv\Lib\site-packages\django\db\models\base.py", line 569, in __init__
    raise TypeError(
    ...<2 lines>...
    )
TypeError: ProductCategory() got unexpected keyword arguments: 'created_by', 'updated_by'

ERROR 2026-02-18 11:07:48,101 basehttp "POST /api/categories/ HTTP/1.1" 500 185968
ERROR 2026-02-18 11:12:35,163 log Internal Server Error: /api/categories/
Traceback (most recent call last):
  File "C:\Users\HP\Desktop\PROJECT\POS-PROJECT\.venv\Lib\site-packages\rest_framework\serializers.py", line 991, in create
    instance = ModelClass._default_manager.create(**validated_data)
  File "C:\Users\HP\Desktop\PROJECT\POS-PROJECT\.venv\Lib\site-packages\django\db\models\manager.py", line 87, in manager_method
    return getattr(self.get_queryset(), name)(*args, **kwargs)
           ~~~~~~~~~~~~~~~~~~~~~~~~~~~~~~~~~~^^^^^^^^^^^^^^^^^
  File "C:\Users\HP\Desktop\PROJECT\POS-PROJECT\.venv\Lib\site-packages\django\db\models\query.py", line 661, in create
    obj = self.model(**kwargs)
  File "C:\Users\HP\Desktop\PROJECT\POS-PROJECT\.venv\Lib\site-packages\django\db\models\base.py", line 569, in __init__
    raise TypeError(
    ...<2 lines>...
    )
TypeError: ProductCategory() got unexpected keyword arguments: 'created_by', 'updated_by'

During handling of the above exception, another exception occurred:

Traceback (most recent call last):
  File "C:\Users\HP\Desktop\PROJECT\POS-PROJECT\.venv\Lib\site-packages\django\core\handlers\exception.py", line 55, in inner
    response = get_response(request)
  File "C:\Users\HP\Desktop\PROJECT\POS-PROJECT\.venv\Lib\site-packages\django\core\handlers\base.py", line 197, in _get_response
    response = wrapped_callback(request, *callback_args, **callback_kwargs)
  File "C:\Users\HP\Desktop\PROJECT\POS-PROJECT\.venv\Lib\site-packages\django\views\decorators\csrf.py", line 65, in _view_wrapper
    return view_func(request, *args, **kwargs)
  File "C:\Users\HP\Desktop\PROJECT\POS-PROJECT\.venv\Lib\site-packages\rest_framework\viewsets.py", line 125, in view
    return self.dispatch(request, *args, **kwargs)
           ~~~~~~~~~~~~~^^^^^^^^^^^^^^^^^^^^^^^^^^
  File "C:\Users\HP\Desktop\PROJECT\POS-PROJECT\.venv\Lib\site-packages\rest_framework\views.py", line 515, in dispatch
    response = self.handle_exception(exc)
  File "C:\Users\HP\Desktop\PROJECT\POS-PROJECT\.venv\Lib\site-packages\rest_framework\views.py", line 475, in handle_exception
    self.raise_uncaught_exception(exc)
    ~~~~~~~~~~~~~~~~~~~~~~~~~~~~~^^^^^
  File "C:\Users\HP\Desktop\PROJECT\POS-PROJECT\.venv\Lib\site-packages\rest_framework\views.py", line 486, in raise_uncaught_exception
    raise exc
  File "C:\Users\HP\Desktop\PROJECT\POS-PROJECT\.venv\Lib\site-packages\rest_framework\views.py", line 512, in dispatch
    response = handler(request, *args, **kwargs)
  File "C:\Users\HP\AppData\Local\Programs\Python\Python313\Lib\contextlib.py", line 85, in inner
    return func(*args, **kwds)
  File "C:\Users\HP\Desktop\PROJECT\POS-PROJECT\ADMIN WEB\api_boutique_core\views.py", line 1254, in create
    return super().create(request, *args,**kwargs)
           ~~~~~~~~~~~~~~^^^^^^^^^^^^^^^^^^^^^^^^^
  File "C:\Users\HP\Desktop\PROJECT\POS-PROJECT\.venv\Lib\site-packages\rest_framework\mixins.py", line 19, in create
    self.perform_create(serializer)
    ~~~~~~~~~~~~~~~~~~~^^^^^^^^^^^^
  File "C:\Users\HP\Desktop\PROJECT\POS-PROJECT\ADMIN WEB\api_boutique_core\views.py", line 388, in perform_create
    serializer.save(
    ~~~~~~~~~~~~~~~^
        created_by=self.request.user if self.request.user.is_authenticated else None,
        ^^^^^^^^^^^^^^^^^^^^^^^^^^^^^^^^^^^^^^^^^^^^^^^^^^^^^^^^^^^^^^^^^^^^^^^^^^^^^
        updated_by=self.request.user if self.request.user.is_authenticated else None
        ^^^^^^^^^^^^^^^^^^^^^^^^^^^^^^^^^^^^^^^^^^^^^^^^^^^^^^^^^^^^^^^^^^^^^^^^^^^^
    )
    ^
  File "C:\Users\HP\Desktop\PROJECT\POS-PROJECT\.venv\Lib\site-packages\rest_framework\serializers.py", line 210, in save
    self.instance = self.create(validated_data)
                    ~~~~~~~~~~~^^^^^^^^^^^^^^^^
  File "C:\Users\HP\Desktop\PROJECT\POS-PROJECT\ADMIN WEB\api_boutique_core\serializers.py", line 1355, in create
    return super().create(validated_data)
           ~~~~~~~~~~~~~~^^^^^^^^^^^^^^^^
  File "C:\Users\HP\Desktop\PROJECT\POS-PROJECT\.venv\Lib\site-packages\rest_framework\serializers.py", line 1010, in create
    raise TypeError(msg)
TypeError: Got a `TypeError` when calling `ProductCategory.objects.create()`. This may be because you have a writable field on the serializer class that is not a valid argument to `ProductCategory.objects.create()`. You may need to make the field read-only, or override the ProductCategorySerializer.create() method to handle this correctly.
Original exception was:
 Traceback (most recent call last):
  File "C:\Users\HP\Desktop\PROJECT\POS-PROJECT\.venv\Lib\site-packages\rest_framework\serializers.py", line 991, in create
    instance = ModelClass._default_manager.create(**validated_data)
  File "C:\Users\HP\Desktop\PROJECT\POS-PROJECT\.venv\Lib\site-packages\django\db\models\manager.py", line 87, in manager_method
    return getattr(self.get_queryset(), name)(*args, **kwargs)
           ~~~~~~~~~~~~~~~~~~~~~~~~~~~~~~~~~~^^^^^^^^^^^^^^^^^
  File "C:\Users\HP\Desktop\PROJECT\POS-PROJECT\.venv\Lib\site-packages\django\db\models\query.py", line 661, in create
    obj = self.model(**kwargs)
  File "C:\Users\HP\Desktop\PROJECT\POS-PROJECT\.venv\Lib\site-packages\django\db\models\base.py", line 569, in __init__
    raise TypeError(
    ...<2 lines>...
    )
TypeError: ProductCategory() got unexpected keyword arguments: 'created_by', 'updated_by'

ERROR 2026-02-18 11:12:35,199 basehttp "POST /api/categories/ HTTP/1.1" 500 185968
ERROR 2026-02-18 12:17:16,780 log Internal Server Error: /api/categories/stats/
Traceback (most recent call last):
  File "C:\Users\HP\Desktop\PROJECT\POS-PROJECT\.venv\Lib\site-packages\django\core\handlers\exception.py", line 55, in inner
    response = get_response(request)
  File "C:\Users\HP\Desktop\PROJECT\POS-PROJECT\.venv\Lib\site-packages\django\core\handlers\base.py", line 197, in _get_response
    response = wrapped_callback(request, *callback_args, **callback_kwargs)
  File "C:\Users\HP\Desktop\PROJECT\POS-PROJECT\.venv\Lib\site-packages\django\views\decorators\csrf.py", line 65, in _view_wrapper
    return view_func(request, *args, **kwargs)
  File "C:\Users\HP\Desktop\PROJECT\POS-PROJECT\.venv\Lib\site-packages\rest_framework\viewsets.py", line 125, in view
    return self.dispatch(request, *args, **kwargs)
           ~~~~~~~~~~~~~^^^^^^^^^^^^^^^^^^^^^^^^^^
  File "C:\Users\HP\Desktop\PROJECT\POS-PROJECT\.venv\Lib\site-packages\rest_framework\views.py", line 515, in dispatch
    response = self.handle_exception(exc)
  File "C:\Users\HP\Desktop\PROJECT\POS-PROJECT\.venv\Lib\site-packages\rest_framework\views.py", line 475, in handle_exception
    self.raise_uncaught_exception(exc)
    ~~~~~~~~~~~~~~~~~~~~~~~~~~~~~^^^^^
  File "C:\Users\HP\Desktop\PROJECT\POS-PROJECT\.venv\Lib\site-packages\rest_framework\views.py", line 486, in raise_uncaught_exception
    raise exc
  File "C:\Users\HP\Desktop\PROJECT\POS-PROJECT\.venv\Lib\site-packages\rest_framework\views.py", line 512, in dispatch
    response = handler(request, *args, **kwargs)
  File "C:\Users\HP\Desktop\PROJECT\POS-PROJECT\ADMIN WEB\api_boutique_core\views.py", line 1261, in stats
    with_products = ProductCategory.objects.filter(
                    ~~~~~~~~~~~~~~~~~~~~~~~~~~~~~~^
        products__isnull=False
        ^^^^^^^^^^^^^^^^^^^^^^
    ).distinct().count()
    ^
  File "C:\Users\HP\Desktop\PROJECT\POS-PROJECT\.venv\Lib\site-packages\django\db\models\manager.py", line 87, in manager_method
    return getattr(self.get_queryset(), name)(*args, **kwargs)
           ~~~~~~~~~~~~~~~~~~~~~~~~~~~~~~~~~~^^^^^^^^^^^^^^^^^
  File "C:\Users\HP\Desktop\PROJECT\POS-PROJECT\.venv\Lib\site-packages\django\db\models\query.py", line 1493, in filter
    return self._filter_or_exclude(False, args, kwargs)
           ~~~~~~~~~~~~~~~~~~~~~~~^^^^^^^^^^^^^^^^^^^^^
  File "C:\Users\HP\Desktop\PROJECT\POS-PROJECT\.venv\Lib\site-packages\django\db\models\query.py", line 1511, in _filter_or_exclude
    clone._filter_or_exclude_inplace(negate, args, kwargs)
    ~~~~~~~~~~~~~~~~~~~~~~~~~~~~~~~~^^^^^^^^^^^^^^^^^^^^^^
  File "C:\Users\HP\Desktop\PROJECT\POS-PROJECT\.venv\Lib\site-packages\django\db\models\query.py", line 1518, in _filter_or_exclude_inplace
    self._query.add_q(Q(*args, **kwargs))
    ~~~~~~~~~~~~~~~~~^^^^^^^^^^^^^^^^^^^^
  File "C:\Users\HP\Desktop\PROJECT\POS-PROJECT\.venv\Lib\site-packages\django\db\models\sql\query.py", line 1646, in add_q
    clause, _ = self._add_q(q_object, can_reuse)
                ~~~~~~~~~~~^^^^^^^^^^^^^^^^^^^^^
  File "C:\Users\HP\Desktop\PROJECT\POS-PROJECT\.venv\Lib\site-packages\django\db\models\sql\query.py", line 1678, in _add_q
    child_clause, needed_inner = self.build_filter(
                                 ~~~~~~~~~~~~~~~~~^
        child,
        ^^^^^^
    ...<7 lines>...
        update_join_types=update_join_types,
        ^^^^^^^^^^^^^^^^^^^^^^^^^^^^^^^^^^^^
    )
    ^
  File "C:\Users\HP\Desktop\PROJECT\POS-PROJECT\.venv\Lib\site-packages\django\db\models\sql\query.py", line 1526, in build_filter
    lookups, parts, reffed_expression = self.solve_lookup_type(arg, summarize)
                                        ~~~~~~~~~~~~~~~~~~~~~~^^^^^^^^^^^^^^^^
  File "C:\Users\HP\Desktop\PROJECT\POS-PROJECT\.venv\Lib\site-packages\django\db\models\sql\query.py", line 1333, in solve_lookup_type
    _, field, _, lookup_parts = self.names_to_path(lookup_splitted, self.get_meta())
                                ~~~~~~~~~~~~~~~~~~^^^^^^^^^^^^^^^^^^^^^^^^^^^^^^^^^^
  File "C:\Users\HP\Desktop\PROJECT\POS-PROJECT\.venv\Lib\site-packages\django\db\models\sql\query.py", line 1806, in names_to_path
    raise FieldError(
    ...<2 lines>...
    )
django.core.exceptions.FieldError: Cannot resolve keyword 'products' into field. Choices are: children, created_at, description, id, image, is_active, name, parent, parent_id, products_as_group, products_as_type, slug, sort_order, taxrate, updated_at
ERROR 2026-02-18 12:17:16,803 basehttp "GET /api/categories/stats/ HTTP/1.1" 500 26752
ERROR 2026-02-18 12:41:56,797 log Internal Server Error: /api/products/
Traceback (most recent call last):
  File "C:\Users\HP\Desktop\PROJECT\POS-PROJECT\.venv\Lib\site-packages\django\core\handlers\exception.py", line 55, in inner
    response = get_response(request)
  File "C:\Users\HP\Desktop\PROJECT\POS-PROJECT\.venv\Lib\site-packages\django\core\handlers\base.py", line 197, in _get_response
    response = wrapped_callback(request, *callback_args, **callback_kwargs)
  File "C:\Users\HP\Desktop\PROJECT\POS-PROJECT\.venv\Lib\site-packages\django\views\decorators\csrf.py", line 65, in _view_wrapper
    return view_func(request, *args, **kwargs)
  File "C:\Users\HP\Desktop\PROJECT\POS-PROJECT\.venv\Lib\site-packages\rest_framework\viewsets.py", line 125, in view
    return self.dispatch(request, *args, **kwargs)
           ~~~~~~~~~~~~~^^^^^^^^^^^^^^^^^^^^^^^^^^
  File "C:\Users\HP\Desktop\PROJECT\POS-PROJECT\.venv\Lib\site-packages\rest_framework\views.py", line 515, in dispatch
    response = self.handle_exception(exc)
  File "C:\Users\HP\Desktop\PROJECT\POS-PROJECT\.venv\Lib\site-packages\rest_framework\views.py", line 475, in handle_exception
    self.raise_uncaught_exception(exc)
    ~~~~~~~~~~~~~~~~~~~~~~~~~~~~~^^^^^
  File "C:\Users\HP\Desktop\PROJECT\POS-PROJECT\.venv\Lib\site-packages\rest_framework\views.py", line 486, in raise_uncaught_exception
    raise exc
  File "C:\Users\HP\Desktop\PROJECT\POS-PROJECT\.venv\Lib\site-packages\rest_framework\views.py", line 512, in dispatch
    response = handler(request, *args, **kwargs)
  File "C:\Users\HP\Desktop\PROJECT\POS-PROJECT\.venv\Lib\site-packages\rest_framework\mixins.py", line 20, in create
    headers = self.get_success_headers(serializer.data)
                                       ^^^^^^^^^^^^^^^
  File "C:\Users\HP\Desktop\PROJECT\POS-PROJECT\.venv\Lib\site-packages\rest_framework\serializers.py", line 573, in data
    ret = super().data
          ^^^^^^^^^^^^
  File "C:\Users\HP\Desktop\PROJECT\POS-PROJECT\.venv\Lib\site-packages\rest_framework\serializers.py", line 251, in data
    self._data = self.to_representation(self.instance)
                 ~~~~~~~~~~~~~~~~~~~~~~^^^^^^^^^^^^^^^
  File "C:\Users\HP\Desktop\PROJECT\POS-PROJECT\.venv\Lib\site-packages\rest_framework\serializers.py", line 540, in to_representation
    ret[field.field_name] = field.to_representation(attribute)
                            ~~~~~~~~~~~~~~~~~~~~~~~^^^^^^^^^^^
  File "C:\Users\HP\Desktop\PROJECT\POS-PROJECT\.venv\Lib\site-packages\rest_framework\fields.py", line 1870, in to_representation
    return method(value)
  File "C:\Users\HP\Desktop\PROJECT\POS-PROJECT\ADMIN WEB\api_boutique_core\serializers.py", line 1452, in get_margin
    if obj.cost_price and obj.base_price and obj.cost_price > 0:
       ^^^^^^^^^^^^^^
AttributeError: 'Product' object has no attribute 'cost_price'
ERROR 2026-02-18 12:41:56,838 basehttp "POST /api/products/ HTTP/1.1" 500 152862
ERROR 2026-02-18 15:12:37,456 log Internal Server Error: /api/categories/tree/
Traceback (most recent call last):
  File "C:\Users\HP\Desktop\PROJECT\POS-PROJECT\.venv\Lib\site-packages\django\core\handlers\exception.py", line 55, in inner
    response = get_response(request)
  File "C:\Users\HP\Desktop\PROJECT\POS-PROJECT\.venv\Lib\site-packages\django\core\handlers\base.py", line 220, in _get_response
    response = response.render()
  File "C:\Users\HP\Desktop\PROJECT\POS-PROJECT\.venv\Lib\site-packages\django\template\response.py", line 114, in render
    self.content = self.rendered_content
                   ^^^^^^^^^^^^^^^^^^^^^
  File "C:\Users\HP\Desktop\PROJECT\POS-PROJECT\.venv\Lib\site-packages\rest_framework\response.py", line 74, in rendered_content
    ret = renderer.render(self.data, accepted_media_type, context)
  File "C:\Users\HP\Desktop\PROJECT\POS-PROJECT\.venv\Lib\site-packages\rest_framework\renderers.py", line 100, in render
    ret = json.dumps(
        data, cls=self.encoder_class,
        indent=indent, ensure_ascii=self.ensure_ascii,
        allow_nan=not self.strict, separators=separators
    )
  File "C:\Users\HP\Desktop\PROJECT\POS-PROJECT\.venv\Lib\site-packages\rest_framework\utils\json.py", line 25, in dumps
    return json.dumps(*args, **kwargs)
           ~~~~~~~~~~^^^^^^^^^^^^^^^^^
  File "C:\Users\HP\AppData\Local\Programs\Python\Python313\Lib\json\__init__.py", line 238, in dumps
    **kw).encode(obj)
          ~~~~~~^^^^^
  File "C:\Users\HP\AppData\Local\Programs\Python\Python313\Lib\json\encoder.py", line 200, in encode
    chunks = self.iterencode(o, _one_shot=True)
  File "C:\Users\HP\AppData\Local\Programs\Python\Python313\Lib\json\encoder.py", line 261, in iterencode
    return _iterencode(o, 0)
  File "C:\Users\HP\Desktop\PROJECT\POS-PROJECT\.venv\Lib\site-packages\rest_framework\utils\encoders.py", line 67, in default
    return super().default(obj)
           ~~~~~~~~~~~~~~~^^^^^
  File "C:\Users\HP\AppData\Local\Programs\Python\Python313\Lib\json\encoder.py", line 180, in default
    raise TypeError(f'Object of type {o.__class__.__name__} '
                    f'is not JSON serializable')
TypeError: Object of type ProductCategory is not JSON serializable
ERROR 2026-02-18 15:12:37,461 basehttp "GET /api/categories/tree/ HTTP/1.1" 500 142394
